ticker,avg_return,volatility,alpha,beta
^GSPC,0.0117,0.0521,0.0000,1.0000
NVDA,0.0670,0.1440,0.0474,1.6800
AAPL,0.0282,0.0850,0.0137,1.2417
KO,0.0080,0.0542,0.0010,0.6065
MCD,0.0073,0.0565,-0.0009,0.7046
MS,0.0212,0.0943,0.0050,1.3796
